

================================================================
== Vivado HLS Report for 'myFuncAccel'
================================================================
* Date:           Tue Nov 19 02:07:11 2019

* Version:        2018.3 (Build 2405991 on Thu Dec 06 23:56:15 MST 2018)
* Project:        algHLS
* Solution:       Optimazation_2
* Product family: zynq
* Target device:  xc7z020clg484-1


================================================================
== Performance Estimates
================================================================
+ Timing (ns): 
    * Summary: 
    +--------+-------+----------+------------+
    |  Clock | Target| Estimated| Uncertainty|
    +--------+-------+----------+------------+
    |ap_clk  |  10.00|    14.452|        1.25|
    +--------+-------+----------+------------+

+ Latency (clock cycles): 
    * Summary: 
    +-------+-------+-------+-------+---------+
    |    Latency    |    Interval   | Pipeline|
    |  min  |  max  |  min  |  max  |   Type  |
    +-------+-------+-------+-------+---------+
    |  32034|  32034|  32034|  32034|   none  |
    +-------+-------+-------+-------+---------+

    + Detail: 
        * Instance: 
        N/A

        * Loop: 
        +------------+-------+-------+----------+-----------+-----------+------+----------+
        |            |    Latency    | Iteration|  Initiation Interval  | Trip |          |
        |  Loop Name |  min  |  max  |  Latency |  achieved |   target  | Count| Pipelined|
        +------------+-------+-------+----------+-----------+-----------+------+----------+
        |- sizeLoop  |  32032|  32032|        65|         32|          4|  1000|    yes   |
        +------------+-------+-------+----------+-----------+-----------+------+----------+



================================================================
== Utilization Estimates
================================================================
* Summary: 
+-----------------+---------+-------+--------+-------+
|       Name      | BRAM_18K| DSP48E|   FF   |  LUT  |
+-----------------+---------+-------+--------+-------+
|DSP              |        -|      -|       -|      -|
|Expression       |        -|      -|       0|    308|
|FIFO             |        -|      -|       -|      -|
|Instance         |        -|      8|     557|   1271|
|Memory           |        -|      -|       -|      -|
|Multiplexer      |        -|      -|       -|    503|
|Register         |        -|      -|     881|      -|
+-----------------+---------+-------+--------+-------+
|Total            |        0|      8|    1438|   2082|
+-----------------+---------+-------+--------+-------+
|Available        |      280|    220|  106400|  53200|
+-----------------+---------+-------+--------+-------+
|Utilization (%)  |        0|      3|       1|      3|
+-----------------+---------+-------+--------+-------+

+ Detail: 
    * Instance: 
    +-----------------------------------------------+--------------------------------------------+---------+-------+-----+-----+
    |                    Instance                   |                   Module                   | BRAM_18K| DSP48E|  FF | LUT |
    +-----------------------------------------------+--------------------------------------------+---------+-------+-----+-----+
    |myFuncAccel_fadd_32ns_32ns_32_5_full_dsp_1_U1  |myFuncAccel_fadd_32ns_32ns_32_5_full_dsp_1  |        0|      2|  205|  390|
    |myFuncAccel_fcmp_32ns_32ns_1_1_1_U4            |myFuncAccel_fcmp_32ns_32ns_1_1_1            |        0|      0|   66|  239|
    |myFuncAccel_fmul_32ns_32ns_32_4_max_dsp_1_U2   |myFuncAccel_fmul_32ns_32ns_32_4_max_dsp_1   |        0|      3|  143|  321|
    |myFuncAccel_fmul_32ns_32ns_32_4_max_dsp_1_U3   |myFuncAccel_fmul_32ns_32ns_32_4_max_dsp_1   |        0|      3|  143|  321|
    +-----------------------------------------------+--------------------------------------------+---------+-------+-----+-----+
    |Total                                          |                                            |        0|      8|  557| 1271|
    +-----------------------------------------------+--------------------------------------------+---------+-------+-----+-----+

    * DSP48: 
    N/A

    * Memory: 
    N/A

    * FIFO: 
    N/A

    * Expression: 
    +------------------------------------+----------+-------+---+----+------------+------------+
    |            Variable Name           | Operation| DSP48E| FF| LUT| Bitwidth P0| Bitwidth P1|
    +------------------------------------+----------+-------+---+----+------------+------------+
    |count_1_fu_672_p2                   |     +    |      0|  0|  12|           3|          12|
    |i_1_fu_342_p2                       |     +    |      0|  0|  14|          10|           1|
    |tmp_25_1_fu_540_p2                  |     +    |      0|  0|  17|           1|          13|
    |ap_block_pp0_stage0_00001           |    and   |      0|  0|   2|           1|           1|
    |ap_block_pp0_stage10_11001          |    and   |      0|  0|   2|           1|           1|
    |ap_block_pp0_stage1_11001           |    and   |      0|  0|   2|           1|           1|
    |ap_block_pp0_stage23_11001          |    and   |      0|  0|   2|           1|           1|
    |ap_block_state10_pp0_stage8_iter0   |    and   |      0|  0|   2|           1|           1|
    |ap_block_state35_pp0_stage1_iter1   |    and   |      0|  0|   2|           1|           1|
    |ap_block_state45_pp0_stage11_iter1  |    and   |      0|  0|   2|           1|           1|
    |tmp_13_fu_467_p2                    |    and   |      0|  0|   2|           1|           1|
    |tmp_18_fu_508_p2                    |    and   |      0|  0|   2|           1|           1|
    |tmp_23_fu_596_p2                    |    and   |      0|  0|   2|           1|           1|
    |tmp_28_fu_647_p2                    |    and   |      0|  0|   2|           1|           1|
    |exitcond1_fu_336_p2                 |   icmp   |      0|  0|  13|          10|           6|
    |notlhs1_fu_629_p2                   |   icmp   |      0|  0|  11|           8|           2|
    |notlhs6_fu_490_p2                   |   icmp   |      0|  0|  11|           8|           2|
    |notlhs8_fu_580_p2                   |   icmp   |      0|  0|  11|           8|           2|
    |notlhs_fu_449_p2                    |   icmp   |      0|  0|  11|           8|           2|
    |notrhs1_fu_635_p2                   |   icmp   |      0|  0|  18|          23|           1|
    |notrhs7_fu_496_p2                   |   icmp   |      0|  0|  18|          23|           1|
    |notrhs9_fu_586_p2                   |   icmp   |      0|  0|  18|          23|           1|
    |notrhs_fu_455_p2                    |   icmp   |      0|  0|  18|          23|           1|
    |ap_block_pp0_stage11_11001          |    or    |      0|  0|   2|           1|           1|
    |ap_block_pp0_stage14_11001          |    or    |      0|  0|   2|           1|           1|
    |ap_block_pp0_stage3_11001           |    or    |      0|  0|   2|           1|           1|
    |ap_block_state5_pp0_stage3_iter0    |    or    |      0|  0|   2|           1|           1|
    |tmp_10_fu_461_p2                    |    or    |      0|  0|   2|           1|           1|
    |tmp_16_fu_502_p2                    |    or    |      0|  0|   2|           1|           1|
    |tmp_1_4_fu_388_p2                   |    or    |      0|  0|  12|          12|           2|
    |tmp_21_fu_592_p2                    |    or    |      0|  0|   2|           1|           1|
    |tmp_25_2_fu_546_p2                  |    or    |      0|  0|  12|          12|           2|
    |tmp_25_s_fu_519_p2                  |    or    |      0|  0|  12|          12|           1|
    |tmp_26_fu_641_p2                    |    or    |      0|  0|   2|           1|           1|
    |tmp_29_fu_513_p2                    |    or    |      0|  0|   2|           1|           1|
    |tmp_2_5_fu_404_p2                   |    or    |      0|  0|  12|          12|           2|
    |tmp_30_fu_653_p2                    |    or    |      0|  0|   2|           1|           1|
    |tmp_31_fu_659_p2                    |    or    |      0|  0|   2|           1|           1|
    |tmp_s_fu_372_p2                     |    or    |      0|  0|  12|          12|           1|
    |tmp_s_6_fu_663_p3                   |  select  |      0|  0|  30|           1|          30|
    |ap_enable_pp0                       |    xor   |      0|  0|   2|           1|           2|
    +------------------------------------+----------+-------+---+----+------------+------------+
    |Total                               |          |      0|  0| 308|         232|         106|
    +------------------------------------+----------+-------+---+----+------------+------------+

    * Multiplexer: 
    +----------------------------+-----+-----------+-----+-----------+
    |            Name            | LUT | Input Size| Bits| Total Bits|
    +----------------------------+-----+-----------+-----+-----------+
    |ap_NS_fsm                   |  157|         35|    1|         35|
    |ap_enable_reg_pp0_iter2     |    9|          2|    1|          2|
    |ap_phi_mux_i_phi_fu_216_p4  |    9|          2|   10|         20|
    |count_reg_223               |    9|          2|   12|         24|
    |data2_address               |   56|         13|   32|        416|
    |data2_dataout               |   38|          7|   32|        224|
    |grp_fu_235_p0               |   44|          9|   32|        288|
    |grp_fu_235_p1               |   50|         11|   32|        352|
    |grp_fu_240_p0               |   38|          7|   32|        224|
    |grp_fu_240_p1               |   33|          6|   32|        192|
    |grp_fu_244_p0               |   15|          3|   32|         96|
    |grp_fu_244_p1               |   15|          3|   32|         96|
    |grp_fu_256_p0               |   21|          4|   32|        128|
    |i_reg_212                   |    9|          2|   10|         20|
    +----------------------------+-----+-----------+-----+-----------+
    |Total                       |  503|        106|  322|       2117|
    +----------------------------+-----+-----------+-----+-----------+

    * Register: 
    +----------------------------------+----+----+-----+-----------+
    |               Name               | FF | LUT| Bits| Const Bits|
    +----------------------------------+----+----+-----+-----------+
    |ap_CS_fsm                         |  34|   0|   34|          0|
    |ap_enable_reg_pp0_iter0           |   1|   0|    1|          0|
    |ap_enable_reg_pp0_iter1           |   1|   0|    1|          0|
    |ap_enable_reg_pp0_iter2           |   1|   0|    1|          0|
    |count_reg_223                     |  12|   0|   12|          0|
    |data1_addr_read_1_reg_712         |  32|   0|   32|          0|
    |data1_addr_read_2_reg_717         |  32|   0|   32|          0|
    |data1_addr_read_3_reg_722         |  32|   0|   32|          0|
    |data1_addr_read_reg_707           |  32|   0|   32|          0|
    |data2_addr_1_reg_762              |  10|   0|   32|         22|
    |data2_addr_2_reg_768              |  10|   0|   32|         22|
    |data2_addr_3_reg_774              |  10|   0|   32|         22|
    |data2_addr_reg_695                |  10|   0|   32|         22|
    |data2_addr_reg_695_pp0_iter1_reg  |  10|   0|   32|         22|
    |exitcond1_reg_678                 |   1|   0|    1|          0|
    |exitcond1_reg_678_pp0_iter1_reg   |   1|   0|    1|          0|
    |i_1_reg_682                       |  10|   0|   10|          0|
    |i_reg_212                         |  10|   0|   10|          0|
    |notlhs8_reg_800                   |   1|   0|    1|          0|
    |notrhs9_reg_805                   |   1|   0|    1|          0|
    |reg_261                           |  32|   0|   32|          0|
    |reg_266                           |  32|   0|   32|          0|
    |reg_271                           |  32|   0|   32|          0|
    |reg_276                           |  32|   0|   32|          0|
    |reg_281                           |  32|   0|   32|          0|
    |reg_287                           |  32|   0|   32|          0|
    |reg_292                           |  32|   0|   32|          0|
    |reg_297                           |  32|   0|   32|          0|
    |reg_303                           |  32|   0|   32|          0|
    |reg_311                           |  32|   0|   32|          0|
    |reg_317                           |  32|   0|   32|          0|
    |reg_324                           |  32|   0|   32|          0|
    |reg_331                           |  32|   0|   32|          0|
    |tmp_11_reg_752                    |   1|   0|    1|          0|
    |tmp_13_3_reg_747                  |  32|   0|   32|          0|
    |tmp_17_reg_757                    |   1|   0|    1|          0|
    |tmp_19_1_reg_732                  |  32|   0|   32|          0|
    |tmp_22_1_reg_737                  |  32|   0|   32|          0|
    |tmp_22_2_reg_742                  |  32|   0|   32|          0|
    |tmp_22_reg_780                    |   1|   0|    1|          0|
    |tmp_25_1_reg_790                  |  12|   0|   13|          1|
    |tmp_25_2_reg_795                  |  10|   0|   12|          2|
    |tmp_29_reg_785                    |   1|   0|    1|          0|
    |tmp_30_reg_810                    |   1|   0|    1|          0|
    |tmp_9_reg_727                     |  32|   0|   32|          0|
    |tmp_reg_687                       |  10|   0|   12|          2|
    |tmp_reg_687_pp0_iter1_reg         |  10|   0|   12|          2|
    |tmp_s_6_reg_815                   |   7|   0|   32|         25|
    +----------------------------------+----+----+-----+-----------+
    |Total                             | 881|   0| 1023|        142|
    +----------------------------------+----+----+-----+-----------+



================================================================
== Interface
================================================================
* Summary: 
+-------------------+-----+-----+------------+--------------+--------------+
|     RTL Ports     | Dir | Bits|  Protocol  | Source Object|    C Type    |
+-------------------+-----+-----+------------+--------------+--------------+
|ap_clk             |  in |    1| ap_ctrl_hs |  myFuncAccel | return value |
|ap_rst             |  in |    1| ap_ctrl_hs |  myFuncAccel | return value |
|ap_start           |  in |    1| ap_ctrl_hs |  myFuncAccel | return value |
|ap_done            | out |    1| ap_ctrl_hs |  myFuncAccel | return value |
|ap_idle            | out |    1| ap_ctrl_hs |  myFuncAccel | return value |
|ap_ready           | out |    1| ap_ctrl_hs |  myFuncAccel | return value |
|size               |  in |   32|   ap_none  |     size     |    scalar    |
|dim                |  in |   32|   ap_none  |      dim     |    scalar    |
|threshold          |  in |   32|   ap_none  |   threshold  |    scalar    |
|data0_req_din      | out |    1|   ap_bus   |     data0    |    pointer   |
|data0_req_full_n   |  in |    1|   ap_bus   |     data0    |    pointer   |
|data0_req_write    | out |    1|   ap_bus   |     data0    |    pointer   |
|data0_rsp_empty_n  |  in |    1|   ap_bus   |     data0    |    pointer   |
|data0_rsp_read     | out |    1|   ap_bus   |     data0    |    pointer   |
|data0_address      | out |   32|   ap_bus   |     data0    |    pointer   |
|data0_datain       |  in |   32|   ap_bus   |     data0    |    pointer   |
|data0_dataout      | out |   32|   ap_bus   |     data0    |    pointer   |
|data0_size         | out |   32|   ap_bus   |     data0    |    pointer   |
|data1_req_din      | out |    1|   ap_bus   |     data1    |    pointer   |
|data1_req_full_n   |  in |    1|   ap_bus   |     data1    |    pointer   |
|data1_req_write    | out |    1|   ap_bus   |     data1    |    pointer   |
|data1_rsp_empty_n  |  in |    1|   ap_bus   |     data1    |    pointer   |
|data1_rsp_read     | out |    1|   ap_bus   |     data1    |    pointer   |
|data1_address      | out |   32|   ap_bus   |     data1    |    pointer   |
|data1_datain       |  in |   32|   ap_bus   |     data1    |    pointer   |
|data1_dataout      | out |   32|   ap_bus   |     data1    |    pointer   |
|data1_size         | out |   32|   ap_bus   |     data1    |    pointer   |
|data2_req_din      | out |    1|   ap_bus   |     data2    |    pointer   |
|data2_req_full_n   |  in |    1|   ap_bus   |     data2    |    pointer   |
|data2_req_write    | out |    1|   ap_bus   |     data2    |    pointer   |
|data2_rsp_empty_n  |  in |    1|   ap_bus   |     data2    |    pointer   |
|data2_rsp_read     | out |    1|   ap_bus   |     data2    |    pointer   |
|data2_address      | out |   32|   ap_bus   |     data2    |    pointer   |
|data2_datain       |  in |   32|   ap_bus   |     data2    |    pointer   |
|data2_dataout      | out |   32|   ap_bus   |     data2    |    pointer   |
|data2_size         | out |   32|   ap_bus   |     data2    |    pointer   |
+-------------------+-----+-----+------------+--------------+--------------+

