Report time       : Σαβ 23 Νοε 2019 03:42:50 πμ EET.
Solution          : Optimization_1_16.
Simulation tool   : xsim.

+----------+----------+-----------------------------------------------+-----------------------------------------------+
|          |          |                    Latency                    |                    Interval                   |
+   RTL    +  Status  +-----------------------------------------------+-----------------------------------------------+
|          |          |      min      |      avg      |      max      |      min      |      avg      |      max      |
+----------+----------+-----------------------------------------------+-----------------------------------------------+
|      VHDL|        NA|             NA|             NA|             NA|             NA|             NA|             NA|
|   Verilog|      Pass|          16368|          16368|          16368|             NA|             NA|             NA|
+----------+----------+-----------------------------------------------+-----------------------------------------------+
