Report time       : Κυρ 17 Νοε 2019 01:04:13 πμ EET.
Solution          : Optimization_1.
Simulation tool   : xsim.

+----------+----------+-----------------------------------------------+-----------------------------------------------+
|          |          |                    Latency                    |                    Interval                   |
+   RTL    +  Status  +-----------------------------------------------+-----------------------------------------------+
|          |          |      min      |      avg      |      max      |      min      |      avg      |      max      |
+----------+----------+-----------------------------------------------+-----------------------------------------------+
|      VHDL|        NA|             NA|             NA|             NA|             NA|             NA|             NA|
|   Verilog|      Pass|         122534|         122534|         122534|             NA|             NA|             NA|
+----------+----------+-----------------------------------------------+-----------------------------------------------+
