Report time       : Κυρ 17 Νοε 2019 12:51:22 πμ EET.
Solution          : Optimization_1.
Simulation tool   : xsim.

+----------+----------+-----------------------------------------------+-----------------------------------------------+
|          |          |                    Latency                    |                    Interval                   |
+   RTL    +  Status  +-----------------------------------------------+-----------------------------------------------+
|          |          |      min      |      avg      |      max      |      min      |      avg      |      max      |
+----------+----------+-----------------------------------------------+-----------------------------------------------+
|      VHDL|        NA|             NA|             NA|             NA|             NA|             NA|             NA|
|   Verilog|      Fail|         127473|         127473|         127473|             NA|             NA|             NA|
+----------+----------+-----------------------------------------------+-----------------------------------------------+
