Report time       : Πεμ 21 Νοε 2019 01:37:33 μμ EET.
Solution          : Optimazation_2.
Simulation tool   : xsim.

+----------+----------+-----------------------------------------------+-----------------------------------------------+
|          |          |                    Latency                    |                    Interval                   |
+   RTL    +  Status  +-----------------------------------------------+-----------------------------------------------+
|          |          |      min      |      avg      |      max      |      min      |      avg      |      max      |
+----------+----------+-----------------------------------------------+-----------------------------------------------+
|      VHDL|        NA|             NA|             NA|             NA|             NA|             NA|             NA|
|   Verilog|      Pass|           4066|           4066|           4066|             NA|             NA|             NA|
+----------+----------+-----------------------------------------------+-----------------------------------------------+
