Report time       : Δευ 18 Νοε 2019 11:05:59 μμ EET.
Solution          : Optimazation_2.
Simulation tool   : xsim.

+----------+----------+-----------------------------------------------+-----------------------------------------------+
|          |          |                    Latency                    |                    Interval                   |
+   RTL    +  Status  +-----------------------------------------------+-----------------------------------------------+
|          |          |      min      |      avg      |      max      |      min      |      avg      |      max      |
+----------+----------+-----------------------------------------------+-----------------------------------------------+
|      VHDL|        NA|             NA|             NA|             NA|             NA|             NA|             NA|
|   Verilog|      Pass|          16034|          16034|          16034|             NA|             NA|             NA|
+----------+----------+-----------------------------------------------+-----------------------------------------------+
